
> agents-create-oyamam-crm-workspace@0.3.0 build:server C:\Users\James\Documents\GitHub\OyamaCRM
> tsc --project server/tsconfig.json

server/src/index.ts(55,7): error TS2742: The inferred type of 'app' cannot be named without a reference to '.pnpm/@types+express-serve-static-core@5.1.1/node_modules/@types/express-serve-static-core'. This is likely not portable. A type annotation is necessary.
server/src/routes/audit-logs.ts(17,7): error TS2742: The inferred type of 'router' cannot be named without a reference to '.pnpm/@types+express-serve-static-core@5.1.1/node_modules/@types/express-serve-static-core'. This is likely not portable. A type annotation is necessary.
server/src/routes/auth.ts(28,7): error TS2742: The inferred type of 'router' cannot be named without a reference to '.pnpm/@types+express-serve-static-core@5.1.1/node_modules/@types/express-serve-static-core'. This is likely not portable. A type annotation is necessary.
server/src/routes/automations.ts(15,7): error TS2742: The inferred type of 'router' cannot be named without a reference to '.pnpm/@types+express-serve-static-core@5.1.1/node_modules/@types/express-serve-static-core'. This is likely not portable. A type annotation is necessary.
server/src/routes/campaigns.ts(21,7): error TS2742: The inferred type of 'router' cannot be named without a reference to '.pnpm/@types+express-serve-static-core@5.1.1/node_modules/@types/express-serve-static-core'. This is likely not portable. A type annotation is necessary.
server/src/routes/compassion-public.ts(17,7): error TS2742: The inferred type of 'router' cannot be named without a reference to '.pnpm/@types+express-serve-static-core@5.1.1/node_modules/@types/express-serve-static-core'. This is likely not portable. A type annotation is necessary.
server/src/routes/compassion.ts(58,7): error TS2742: The inferred type of 'router' cannot be named without a reference to '.pnpm/@types+express-serve-static-core@5.1.1/node_modules/@types/express-serve-static-core'. This is likely not portable. A type annotation is necessary.
server/src/routes/compassion.ts(177,9): error TS2322: Type 'AppointmentWidgetConfig' is not assignable to type 'NullableJsonNullValueInput | InputJsonValue | undefined'.
  Type 'AppointmentWidgetConfig' is not assignable to type 'InputJsonObject'.
    Index signature for type 'string' is missing in type 'AppointmentWidgetConfig'.
server/src/routes/compassion.ts(181,9): error TS2322: Type 'AppointmentWidgetConfig' is not assignable to type 'NullableJsonNullValueInput | InputJsonValue | undefined'.
  Type 'AppointmentWidgetConfig' is not assignable to type 'InputJsonObject'.
    Index signature for type 'string' is missing in type 'AppointmentWidgetConfig'.
server/src/routes/constituents.ts(27,7): error TS2742: The inferred type of 'router' cannot be named without a reference to '.pnpm/@types+express-serve-static-core@5.1.1/node_modules/@types/express-serve-static-core'. This is likely not portable. A type annotation is necessary.
server/src/routes/custom-fields.ts(23,7): error TS2742: The inferred type of 'router' cannot be named without a reference to '.pnpm/@types+express-serve-static-core@5.1.1/node_modules/@types/express-serve-static-core'. This is likely not portable. A type annotation is necessary.
server/src/routes/designations.ts(19,7): error TS2742: The inferred type of 'router' cannot be named without a reference to '.pnpm/@types+express-serve-static-core@5.1.1/node_modules/@types/express-serve-static-core'. This is likely not portable. A type annotation is necessary.
server/src/routes/donations.ts(26,7): error TS2742: The inferred type of 'router' cannot be named without a reference to '.pnpm/@types+express-serve-static-core@5.1.1/node_modules/@types/express-serve-static-core'. This is likely not portable. A type annotation is necessary.
server/src/routes/donations.ts(123,53): error TS2322: Type '{ constituent: { OR: ({ firstName: { contains: string; mode: string; }; } | { lastName: { contains: string; mode: string; }; } | { email: { contains: string; mode: string; }; })[]; }; }' is not assignable to type 'DonationWhereInput'.
  Types of property 'constituent' are incompatible.
    Type '{ OR: ({ firstName: { contains: string; mode: string; }; } | { lastName: { contains: string; mode: string; }; } | { email: { contains: string; mode: string; }; })[]; }' is not assignable to type '(Without<ConstituentRelationFilter, ConstituentWhereInput> & ConstituentWhereInput) | (Without<...> & ConstituentRelationFilter) | undefined'.
      Types of property 'OR' are incompatible.
        Type '({ firstName: { contains: string; mode: string; }; } | { lastName: { contains: string; mode: string; }; } | { email: { contains: string; mode: string; }; })[]' is not assignable to type 'ConstituentWhereInput[]'.
          Type '{ firstName: { contains: string; mode: string; }; } | { lastName: { contains: string; mode: string; }; } | { email: { contains: string; mode: string; }; }' is not assignable to type 'ConstituentWhereInput'.
            Type '{ firstName: { contains: string; mode: string; }; }' is not assignable to type 'ConstituentWhereInput'.
              Types of property 'firstName' are incompatible.
                Object literal may only specify known properties, and 'mode' does not exist in type 'StringFilter<"Constituent">'.
server/src/routes/donations.ts(123,53): error TS2322: Type '{ constituentId: string; } | { campaignId: string; } | { designationId: string; } | { status: DonationStatus; } | { date: DateTimeFilter<never>; } | { constituent: { ...; }; }' is not assignable to type 'DonationWhereInput'.
  Types of property 'constituent' are incompatible.
    Type '{ OR: ({ firstName: { contains: string; mode: string; }; } | { lastName: { contains: string; mode: string; }; } | { email: { contains: string; mode: string; }; })[]; }' is not assignable to type '(Without<ConstituentRelationFilter, ConstituentWhereInput> & ConstituentWhereInput) | (Without<...> & ConstituentRelationFilter) | undefined'.
      Types of property 'OR' are incompatible.
        Type '({ firstName: { contains: string; mode: string; }; } | { lastName: { contains: string; mode: string; }; } | { email: { contains: string; mode: string; }; })[]' is not assignable to type 'ConstituentWhereInput[]'.
          Type '{ firstName: { contains: string; mode: string; }; } | { lastName: { contains: string; mode: string; }; } | { email: { contains: string; mode: string; }; }' is not assignable to type 'ConstituentWhereInput'.
            Type '{ firstName: { contains: string; mode: string; }; }' is not assignable to type 'ConstituentWhereInput'.
              Types of property 'firstName' are incompatible.
                Object literal may only specify known properties, and 'mode' does not exist in type 'StringFilter<"Constituent">'.
server/src/routes/email-campaigns.ts(24,7): error TS2742: The inferred type of 'router' cannot be named without a reference to '.pnpm/@types+express-serve-static-core@5.1.1/node_modules/@types/express-serve-static-core'. This is likely not portable. A type annotation is necessary.
server/src/routes/email-campaigns.ts(442,5): error TS2322: Type '{ organizationId: string; campaignId: string; recipientEmail: string; eventType: DeliveryEventType; eventAt: Date; metadata: Record<string, unknown> | undefined; }[]' is not assignable to type 'EmailCampaignDeliveryEventCreateManyInput | EmailCampaignDeliveryEventCreateManyInput[]'.
  Type '{ organizationId: string; campaignId: string; recipientEmail: string; eventType: DeliveryEventType; eventAt: Date; metadata: Record<string, unknown> | undefined; }[]' is not assignable to type 'EmailCampaignDeliveryEventCreateManyInput[]'.
    Type '{ organizationId: string; campaignId: string; recipientEmail: string; eventType: DeliveryEventType; eventAt: Date; metadata: Record<string, unknown> | undefined; }' is not assignable to type 'EmailCampaignDeliveryEventCreateManyInput'.
      Types of property 'metadata' are incompatible.
        Type 'Record<string, unknown> | undefined' is not assignable to type 'NullableJsonNullValueInput | InputJsonValue | undefined'.
          Type 'Record<string, unknown>' is not assignable to type 'NullableJsonNullValueInput | InputJsonValue | undefined'.
            Type 'Record<string, unknown>' is missing the following properties from type 'readonly (InputJsonValue | null)[]': length, concat, join, slice, and 20 more.
server/src/routes/email-campaigns.ts(894,7): error TS2322: Type 'Record<string, unknown> | undefined' is not assignable to type 'NullableJsonNullValueInput | InputJsonValue | undefined'.
  Type 'Record<string, unknown>' is not assignable to type 'NullableJsonNullValueInput | InputJsonValue | undefined'.
    Type 'Record<string, unknown>' is missing the following properties from type 'readonly (InputJsonValue | null)[]': length, concat, join, slice, and 20 more.
server/src/routes/email-campaigns.ts(902,7): error TS2322: Type 'Record<string, unknown> | undefined' is not assignable to type 'NullableJsonNullValueInput | InputJsonValue | undefined'.
  Type 'Record<string, unknown>' is not assignable to type 'NullableJsonNullValueInput | InputJsonValue | undefined'.
    Type 'Record<string, unknown>' is missing the following properties from type 'readonly (InputJsonValue | null)[]': length, concat, join, slice, and 20 more.
server/src/routes/events.ts(14,7): error TS2742: The inferred type of 'router' cannot be named without a reference to '.pnpm/@types+express-serve-static-core@5.1.1/node_modules/@types/express-serve-static-core'. This is likely not portable. A type annotation is necessary.
server/src/routes/grants.ts(38,7): error TS2742: The inferred type of 'router' cannot be named without a reference to '.pnpm/@types+express-serve-static-core@5.1.1/node_modules/@types/express-serve-static-core'. This is likely not portable. A type annotation is necessary.
server/src/routes/households.ts(22,7): error TS2742: The inferred type of 'router' cannot be named without a reference to '.pnpm/@types+express-serve-static-core@5.1.1/node_modules/@types/express-serve-static-core'. This is likely not portable. A type annotation is necessary.
server/src/routes/meetings.ts(25,7): error TS2742: The inferred type of 'router' cannot be named without a reference to '.pnpm/@types+express-serve-static-core@5.1.1/node_modules/@types/express-serve-static-core'. This is likely not portable. A type annotation is necessary.
server/src/routes/notifications.ts(12,7): error TS2742: The inferred type of 'router' cannot be named without a reference to '.pnpm/@types+express-serve-static-core@5.1.1/node_modules/@types/express-serve-static-core'. This is likely not portable. A type annotation is necessary.
server/src/routes/quickbooks.ts(44,7): error TS2742: The inferred type of 'router' cannot be named without a reference to '.pnpm/@types+express-serve-static-core@5.1.1/node_modules/@types/express-serve-static-core'. This is likely not portable. A type annotation is necessary.
server/src/routes/reports.ts(26,7): error TS2742: The inferred type of 'router' cannot be named without a reference to '.pnpm/@types+express-serve-static-core@5.1.1/node_modules/@types/express-serve-static-core'. This is likely not portable. A type annotation is necessary.
server/src/routes/search.ts(17,7): error TS2742: The inferred type of 'router' cannot be named without a reference to '.pnpm/@types+express-serve-static-core@5.1.1/node_modules/@types/express-serve-static-core'. This is likely not portable. A type annotation is necessary.
server/src/routes/settings.ts(21,7): error TS2742: The inferred type of 'router' cannot be named without a reference to '.pnpm/@types+express-serve-static-core@5.1.1/node_modules/@types/express-serve-static-core'. This is likely not portable. A type annotation is necessary.
server/src/routes/setup.ts(13,7): error TS2742: The inferred type of 'router' cannot be named without a reference to '.pnpm/@types+express-serve-static-core@5.1.1/node_modules/@types/express-serve-static-core'. This is likely not portable. A type annotation is necessary.
server/src/routes/steward-ai.ts(379,49): error TS2353: Object literal may only specify known properties, and 'mode' does not exist in type 'StringFilter<"AuditLog">'.
server/src/routes/steward-ai.ts(380,46): error TS2353: Object literal may only specify known properties, and 'mode' does not exist in type 'StringFilter<"AuditLog">'.
server/src/routes/steward-ai.ts(381,42): error TS2353: Object literal may only specify known properties, and 'mode' does not exist in type 'StringFilter<"AuditLog">'.
server/src/routes/steward-ai.ts(382,43): error TS2353: Object literal may only specify known properties, and 'mode' does not exist in type 'StringFilter<"AuditLog">'.
server/src/routes/steward-ai.ts(383,42): error TS2353: Object literal may only specify known properties, and 'mode' does not exist in type 'StringFilter<"AuditLog">'.
server/src/routes/steward-signals.ts(25,7): error TS2742: The inferred type of 'router' cannot be named without a reference to '.pnpm/@types+express-serve-static-core@5.1.1/node_modules/@types/express-serve-static-core'. This is likely not portable. A type annotation is necessary.
server/src/routes/tasks.ts(21,7): error TS2742: The inferred type of 'router' cannot be named without a reference to '.pnpm/@types+express-serve-static-core@5.1.1/node_modules/@types/express-serve-static-core'. This is likely not portable. A type annotation is necessary.
server/src/routes/tasks.ts(121,7): error TS2448: Block-scoped variable 'assigneeId' used before its declaration.
server/src/routes/tasks.ts(121,7): error TS2454: Variable 'assigneeId' is used before being assigned.
server/src/routes/tasks.ts(123,20): error TS2448: Block-scoped variable 'assigneeId' used before its declaration.
server/src/routes/watchdog.ts(30,7): error TS2742: The inferred type of 'router' cannot be named without a reference to '.pnpm/@types+express-serve-static-core@5.1.1/node_modules/@types/express-serve-static-core'. This is likely not portable. A type annotation is necessary.
server/src/routes/watchdog.ts(337,59): error TS2322: Type 'string | string[]' is not assignable to type 'string'.
  Type 'string[]' is not assignable to type 'string'.
server/src/routes/watchdog.ts(380,59): error TS2322: Type 'string | string[]' is not assignable to type 'string'.
  Type 'string[]' is not assignable to type 'string'.
server/src/routes/watchdog.ts(920,58): error TS2322: Type 'string | string[]' is not assignable to type 'string'.
  Type 'string[]' is not assignable to type 'string'.
server/src/routes/watchdog.ts(938,5): error TS2322: Type 'string | string[]' is not assignable to type 'string | undefined'.
  Type 'string[]' is not assignable to type 'string'.
server/src/routes/webmaster.ts(19,7): error TS2742: The inferred type of 'router' cannot be named without a reference to '.pnpm/@types+express-serve-static-core@5.1.1/node_modules/@types/express-serve-static-core'. This is likely not portable. A type annotation is necessary.
ΓÇëELIFECYCLEΓÇë Command failed with exit code 1.
